// Jest Snapshot v1, https://goo.gl/fbAQLP

exports[`Planning sidebar renders properly 1`] = `
<div
  allowconnect="true"
  class="planningSidebar"
>
  <templateselector-stub />
   
  <div
    class="row"
  >
    <div
      class="col-8"
    >
      <h2
        class="d-none d-md-block"
      >
        
                Fixture headline
            
      </h2>
    </div>
     
    <div
      class="col-12 col-md-4 text-left text-md-right"
    >
      <div
        class="mb-3"
        id="PlanningButtons"
      >
        <!---->
         
        <button
          class="btn btn-outline-dark"
          title="Neuen Planungs-Eintrag erstellen"
        >
          <i
            class="fa fa-plus-circle"
          />
           
          <span
            class="d-inline-block d-md-none"
          >
            
                        Neuer Eintrag
                    
          </span>
        </button>
      </div>
    </div>
  </div>
   
  <div
    class="mb-3"
    id="planningSearch"
  >
    <search-stub />
  </div>
   
  <div>
    <!---->
  </div>
  <div>
    <!---->
  </div>
  <div>
    <!---->
  </div>
  <div>
    <!---->
  </div>
   
  <!---->
   
  <!---->
</div>
`;
