// Jest Snapshot v1, https://goo.gl/fbAQLP

exports[`TemplateCrud renders properly 1`] = `
<div
  class="template-crud"
>
  <div
    class="list-group"
  >
    <div
      class="list-group-item list-group-item-action template-item entry"
    >
      
            Standard

            
      <span
        class="edit-controls float-right"
      >
        <button
          class="delete"
          title="Vorlage löschen"
        >
          <i
            class="fa fa-trash-alt"
          />
        </button>
      </span>
    </div>
    <div
      class="list-group-item list-group-item-action template-item entry"
    >
      
            Nicht Standard

            
      <span
        class="edit-controls float-right"
      >
        <button
          class="delete"
          title="Vorlage löschen"
        >
          <i
            class="fa fa-trash-alt"
          />
        </button>
      </span>
    </div>
  </div>
   
  <div
    class="row mt-1"
  >
    <div
      class="col"
    >
      <div
        class="text-danger"
      >
        
                 
            
      </div>
       
      <div
        class="form-inline"
      >
        <div
          class="form-group mx-sm-1 mb-2"
        >
          <label
            class="sr-only"
          >
            Name
          </label>
           
          <input
            class="form-control template-name"
            name="template-name"
            placeholder="Name"
            type="text"
          />
        </div>
         
        <button
          class="btn btn-primary mb-2 submit"
        >
          
                    Vorlage anlegen
                
        </button>
      </div>
    </div>
  </div>
</div>
`;
